// Jest Snapshot v1, https://goo.gl/fbAQLP

exports[`<StyledNavbar /> it should make a reactstrap Navbar 1`] = `
ShallowWrapper {
  "length": 1,
  Symbol(enzyme.__root__): [Circular],
  Symbol(enzyme.__unrendered__): <NavBar />,
  Symbol(enzyme.__renderer__): Object {
    "batchedUpdates": [Function],
    "getNode": [Function],
    "render": [Function],
    "simulateEvent": [Function],
    "unmount": [Function],
  },
  Symbol(enzyme.__node__): Object {
    "instance": null,
    "key": undefined,
    "nodeType": "host",
    "props": Object {
      "children": <Styled(Navbar)
        className="fixed-top"
        expand="md"
>
        <Styled(NavbarBrand)
                href="/"
        >
                <styled.img
                        alt="logo"
                        src="logo.png"
                />
        </Styled(NavbarBrand)>
        <NavbarToggler
                onClick={[Function]}
                tag="button"
                type="button"
        />
        <Collapse
                appear={false}
                enter={true}
                exit={true}
                in={false}
                isOpen={false}
                mountOnEnter={false}
                navbar={true}
                onEnter={[Function]}
                onEntered={[Function]}
                onEntering={[Function]}
                onExit={[Function]}
                onExited={[Function]}
                onExiting={[Function]}
                tag="div"
                timeout={350}
                unmountOnExit={false}
        >
                <Styled(Nav)
                        className="ml-auto"
                        navbar={true}
                >
                        <Styled(NavItem)>
                                <Styled(NavLink)
                                        href="https://github.com/reactstrap/reactstrap"
                                >
                                        <Styled(Button)>
                                                <styled.span>
                                                        Sign up
                                                </styled.span>
                                        </Styled(Button)>
                                </Styled(NavLink)>
                        </Styled(NavItem)>
                </Styled(Nav)>
        </Collapse>
</Styled(Navbar)>,
    },
    "ref": null,
    "rendered": Object {
      "instance": null,
      "key": undefined,
      "nodeType": "class",
      "props": Object {
        "children": Array [
          <Styled(NavbarBrand)
            href="/"
>
            <styled.img
                        alt="logo"
                        src="logo.png"
            />
</Styled(NavbarBrand)>,
          <NavbarToggler
            onClick={[Function]}
            tag="button"
            type="button"
/>,
          <Collapse
            appear={false}
            enter={true}
            exit={true}
            in={false}
            isOpen={false}
            mountOnEnter={false}
            navbar={true}
            onEnter={[Function]}
            onEntered={[Function]}
            onEntering={[Function]}
            onExit={[Function]}
            onExited={[Function]}
            onExiting={[Function]}
            tag="div"
            timeout={350}
            unmountOnExit={false}
>
            <Styled(Nav)
                        className="ml-auto"
                        navbar={true}
            >
                        <Styled(NavItem)>
                                    <Styled(NavLink)
                                                href="https://github.com/reactstrap/reactstrap"
                                    >
                                                <Styled(Button)>
                                                            <styled.span>
                                                                        Sign up
                                                            </styled.span>
                                                </Styled(Button)>
                                    </Styled(NavLink)>
                        </Styled(NavItem)>
            </Styled(Nav)>
</Collapse>,
        ],
        "className": "fixed-top",
        "expand": "md",
      },
      "ref": null,
      "rendered": Array [
        Object {
          "instance": null,
          "key": undefined,
          "nodeType": "class",
          "props": Object {
            "children": <styled.img
              alt="logo"
              src="logo.png"
/>,
            "href": "/",
          },
          "ref": null,
          "rendered": Object {
            "instance": null,
            "key": undefined,
            "nodeType": "class",
            "props": Object {
              "alt": "logo",
              "src": "logo.png",
            },
            "ref": null,
            "rendered": null,
            "type": [Function],
          },
          "type": [Function],
        },
        Object {
          "instance": null,
          "key": undefined,
          "nodeType": "function",
          "props": Object {
            "onClick": [Function],
            "tag": "button",
            "type": "button",
          },
          "ref": null,
          "rendered": null,
          "type": [Function],
        },
        Object {
          "instance": null,
          "key": undefined,
          "nodeType": "class",
          "props": Object {
            "appear": false,
            "children": <Styled(Nav)
              className="ml-auto"
              navbar={true}
>
              <Styled(NavItem)>
                            <Styled(NavLink)
                                          href="https://github.com/reactstrap/reactstrap"
                            >
                                          <Styled(Button)>
                                                        <styled.span>
                                                                      Sign up
                                                        </styled.span>
                                          </Styled(Button)>
                            </Styled(NavLink)>
              </Styled(NavItem)>
</Styled(Nav)>,
            "enter": true,
            "exit": true,
            "in": false,
            "isOpen": false,
            "mountOnEnter": false,
            "navbar": true,
            "onEnter": [Function],
            "onEntered": [Function],
            "onEntering": [Function],
            "onExit": [Function],
            "onExited": [Function],
            "onExiting": [Function],
            "tag": "div",
            "timeout": 350,
            "unmountOnExit": false,
          },
          "ref": null,
          "rendered": Object {
            "instance": null,
            "key": undefined,
            "nodeType": "class",
            "props": Object {
              "children": <Styled(NavItem)>
                <Styled(NavLink)
                                href="https://github.com/reactstrap/reactstrap"
                >
                                <Styled(Button)>
                                                <styled.span>
                                                                Sign up
                                                </styled.span>
                                </Styled(Button)>
                </Styled(NavLink)>
</Styled(NavItem)>,
              "className": "ml-auto",
              "navbar": true,
            },
            "ref": null,
            "rendered": Object {
              "instance": null,
              "key": undefined,
              "nodeType": "class",
              "props": Object {
                "children": <Styled(NavLink)
                  href="https://github.com/reactstrap/reactstrap"
>
                  <Styled(Button)>
                                    <styled.span>
                                                      Sign up
                                    </styled.span>
                  </Styled(Button)>
</Styled(NavLink)>,
              },
              "ref": null,
              "rendered": Object {
                "instance": null,
                "key": undefined,
                "nodeType": "class",
                "props": Object {
                  "children": <Styled(Button)>
                    <styled.span>
                                        Sign up
                    </styled.span>
</Styled(Button)>,
                  "href": "https://github.com/reactstrap/reactstrap",
                },
                "ref": null,
                "rendered": Object {
                  "instance": null,
                  "key": undefined,
                  "nodeType": "class",
                  "props": Object {
                    "children": <styled.span>
                      Sign up
</styled.span>,
                  },
                  "ref": null,
                  "rendered": Object {
                    "instance": null,
                    "key": undefined,
                    "nodeType": "class",
                    "props": Object {
                      "children": "Sign up",
                    },
                    "ref": null,
                    "rendered": "Sign up",
                    "type": [Function],
                  },
                  "type": [Function],
                },
                "type": [Function],
              },
              "type": [Function],
            },
            "type": [Function],
          },
          "type": [Function],
        },
      ],
      "type": [Function],
    },
    "type": "div",
  },
  Symbol(enzyme.__nodes__): Array [
    Object {
      "instance": null,
      "key": undefined,
      "nodeType": "host",
      "props": Object {
        "children": <Styled(Navbar)
          className="fixed-top"
          expand="md"
>
          <Styled(NavbarBrand)
                    href="/"
          >
                    <styled.img
                              alt="logo"
                              src="logo.png"
                    />
          </Styled(NavbarBrand)>
          <NavbarToggler
                    onClick={[Function]}
                    tag="button"
                    type="button"
          />
          <Collapse
                    appear={false}
                    enter={true}
                    exit={true}
                    in={false}
                    isOpen={false}
                    mountOnEnter={false}
                    navbar={true}
                    onEnter={[Function]}
                    onEntered={[Function]}
                    onEntering={[Function]}
                    onExit={[Function]}
                    onExited={[Function]}
                    onExiting={[Function]}
                    tag="div"
                    timeout={350}
                    unmountOnExit={false}
          >
                    <Styled(Nav)
                              className="ml-auto"
                              navbar={true}
                    >
                              <Styled(NavItem)>
                                        <Styled(NavLink)
                                                  href="https://github.com/reactstrap/reactstrap"
                                        >
                                                  <Styled(Button)>
                                                            <styled.span>
                                                                      Sign up
                                                            </styled.span>
                                                  </Styled(Button)>
                                        </Styled(NavLink)>
                              </Styled(NavItem)>
                    </Styled(Nav)>
          </Collapse>
</Styled(Navbar)>,
      },
      "ref": null,
      "rendered": Object {
        "instance": null,
        "key": undefined,
        "nodeType": "class",
        "props": Object {
          "children": Array [
            <Styled(NavbarBrand)
              href="/"
>
              <styled.img
                            alt="logo"
                            src="logo.png"
              />
</Styled(NavbarBrand)>,
            <NavbarToggler
              onClick={[Function]}
              tag="button"
              type="button"
/>,
            <Collapse
              appear={false}
              enter={true}
              exit={true}
              in={false}
              isOpen={false}
              mountOnEnter={false}
              navbar={true}
              onEnter={[Function]}
              onEntered={[Function]}
              onEntering={[Function]}
              onExit={[Function]}
              onExited={[Function]}
              onExiting={[Function]}
              tag="div"
              timeout={350}
              unmountOnExit={false}
>
              <Styled(Nav)
                            className="ml-auto"
                            navbar={true}
              >
                            <Styled(NavItem)>
                                          <Styled(NavLink)
                                                        href="https://github.com/reactstrap/reactstrap"
                                          >
                                                        <Styled(Button)>
                                                                      <styled.span>
                                                                                    Sign up
                                                                      </styled.span>
                                                        </Styled(Button)>
                                          </Styled(NavLink)>
                            </Styled(NavItem)>
              </Styled(Nav)>
</Collapse>,
          ],
          "className": "fixed-top",
          "expand": "md",
        },
        "ref": null,
        "rendered": Array [
          Object {
            "instance": null,
            "key": undefined,
            "nodeType": "class",
            "props": Object {
              "children": <styled.img
                alt="logo"
                src="logo.png"
/>,
              "href": "/",
            },
            "ref": null,
            "rendered": Object {
              "instance": null,
              "key": undefined,
              "nodeType": "class",
              "props": Object {
                "alt": "logo",
                "src": "logo.png",
              },
              "ref": null,
              "rendered": null,
              "type": [Function],
            },
            "type": [Function],
          },
          Object {
            "instance": null,
            "key": undefined,
            "nodeType": "function",
            "props": Object {
              "onClick": [Function],
              "tag": "button",
              "type": "button",
            },
            "ref": null,
            "rendered": null,
            "type": [Function],
          },
          Object {
            "instance": null,
            "key": undefined,
            "nodeType": "class",
            "props": Object {
              "appear": false,
              "children": <Styled(Nav)
                className="ml-auto"
                navbar={true}
>
                <Styled(NavItem)>
                                <Styled(NavLink)
                                                href="https://github.com/reactstrap/reactstrap"
                                >
                                                <Styled(Button)>
                                                                <styled.span>
                                                                                Sign up
                                                                </styled.span>
                                                </Styled(Button)>
                                </Styled(NavLink)>
                </Styled(NavItem)>
</Styled(Nav)>,
              "enter": true,
              "exit": true,
              "in": false,
              "isOpen": false,
              "mountOnEnter": false,
              "navbar": true,
              "onEnter": [Function],
              "onEntered": [Function],
              "onEntering": [Function],
              "onExit": [Function],
              "onExited": [Function],
              "onExiting": [Function],
              "tag": "div",
              "timeout": 350,
              "unmountOnExit": false,
            },
            "ref": null,
            "rendered": Object {
              "instance": null,
              "key": undefined,
              "nodeType": "class",
              "props": Object {
                "children": <Styled(NavItem)>
                  <Styled(NavLink)
                                    href="https://github.com/reactstrap/reactstrap"
                  >
                                    <Styled(Button)>
                                                      <styled.span>
                                                                        Sign up
                                                      </styled.span>
                                    </Styled(Button)>
                  </Styled(NavLink)>
</Styled(NavItem)>,
                "className": "ml-auto",
                "navbar": true,
              },
              "ref": null,
              "rendered": Object {
                "instance": null,
                "key": undefined,
                "nodeType": "class",
                "props": Object {
                  "children": <Styled(NavLink)
                    href="https://github.com/reactstrap/reactstrap"
>
                    <Styled(Button)>
                                        <styled.span>
                                                            Sign up
                                        </styled.span>
                    </Styled(Button)>
</Styled(NavLink)>,
                },
                "ref": null,
                "rendered": Object {
                  "instance": null,
                  "key": undefined,
                  "nodeType": "class",
                  "props": Object {
                    "children": <Styled(Button)>
                      <styled.span>
                                            Sign up
                      </styled.span>
</Styled(Button)>,
                    "href": "https://github.com/reactstrap/reactstrap",
                  },
                  "ref": null,
                  "rendered": Object {
                    "instance": null,
                    "key": undefined,
                    "nodeType": "class",
                    "props": Object {
                      "children": <styled.span>
                        Sign up
</styled.span>,
                    },
                    "ref": null,
                    "rendered": Object {
                      "instance": null,
                      "key": undefined,
                      "nodeType": "class",
                      "props": Object {
                        "children": "Sign up",
                      },
                      "ref": null,
                      "rendered": "Sign up",
                      "type": [Function],
                    },
                    "type": [Function],
                  },
                  "type": [Function],
                },
                "type": [Function],
              },
              "type": [Function],
            },
            "type": [Function],
          },
        ],
        "type": [Function],
      },
      "type": "div",
    },
  ],
  Symbol(enzyme.__options__): Object {
    "adapter": ReactSixteenAdapter {
      "options": Object {
        "enableComponentDidUpdateOnSetState": true,
      },
    },
  },
}
`;
