// Jest Snapshot v1, https://goo.gl/fbAQLP

exports[`<StyledNavbar /> it should make a reactstrap Navbar 1`] = `
ShallowWrapper {
  "length": 1,
  Symbol(enzyme.__root__): [Circular],
  Symbol(enzyme.__unrendered__): <NavBar />,
  Symbol(enzyme.__renderer__): Object {
    "batchedUpdates": [Function],
    "getNode": [Function],
    "render": [Function],
    "simulateEvent": [Function],
    "unmount": [Function],
  },
  Symbol(enzyme.__node__): Object {
    "instance": null,
    "key": undefined,
    "nodeType": "host",
    "props": Object {
      "children": <Styled(Navbar)
        expand="md"
>
        <Styled(NavbarBrand)
                href="/"
        >
                Spotify
        </Styled(NavbarBrand)>
        <NavbarToggler
                onClick={[Function]}
                tag="button"
                type="button"
        />
        <Collapse
                appear={false}
                enter={true}
                exit={true}
                in={false}
                isOpen={false}
                mountOnEnter={false}
                navbar={true}
                onEnter={[Function]}
                onEntered={[Function]}
                onEntering={[Function]}
                onExit={[Function]}
                onExited={[Function]}
                onExiting={[Function]}
                tag="div"
                timeout={350}
                unmountOnExit={false}
        >
                <Styled(Nav)
                        className="ml-auto"
                        navbar={true}
                >
                        <Styled(NavItem)>
                                <Styled(NavLink)
                                        href="/components/"
                                >
                                        Premium
                                </Styled(NavLink)>
                        </Styled(NavItem)>
                        <Styled(NavItem)>
                                <Styled(NavLink)
                                        href="/components/"
                                >
                                        Help
                                </Styled(NavLink)>
                        </Styled(NavItem)>
                        <Styled(NavItem)>
                                <Styled(NavLink)
                                        href="/components/"
                                >
                                        Download
                                </Styled(NavLink)>
                        </Styled(NavItem)>
                        <Styled(NavItem)>
                                <Styled(NavLink)
                                        href="/components/"
                                >
                                        Sign up
                                </Styled(NavLink)>
                        </Styled(NavItem)>
                        <Styled(NavItem)>
                                <Styled(NavLink)
                                        href="https://github.com/reactstrap/reactstrap"
                                >
                                        Log In
                                </Styled(NavLink)>
                        </Styled(NavItem)>
                </Styled(Nav)>
        </Collapse>
</Styled(Navbar)>,
    },
    "ref": null,
    "rendered": Object {
      "instance": null,
      "key": undefined,
      "nodeType": "class",
      "props": Object {
        "children": Array [
          <Styled(NavbarBrand)
            href="/"
>
            Spotify
</Styled(NavbarBrand)>,
          <NavbarToggler
            onClick={[Function]}
            tag="button"
            type="button"
/>,
          <Collapse
            appear={false}
            enter={true}
            exit={true}
            in={false}
            isOpen={false}
            mountOnEnter={false}
            navbar={true}
            onEnter={[Function]}
            onEntered={[Function]}
            onEntering={[Function]}
            onExit={[Function]}
            onExited={[Function]}
            onExiting={[Function]}
            tag="div"
            timeout={350}
            unmountOnExit={false}
>
            <Styled(Nav)
                        className="ml-auto"
                        navbar={true}
            >
                        <Styled(NavItem)>
                                    <Styled(NavLink)
                                                href="/components/"
                                    >
                                                Premium
                                    </Styled(NavLink)>
                        </Styled(NavItem)>
                        <Styled(NavItem)>
                                    <Styled(NavLink)
                                                href="/components/"
                                    >
                                                Help
                                    </Styled(NavLink)>
                        </Styled(NavItem)>
                        <Styled(NavItem)>
                                    <Styled(NavLink)
                                                href="/components/"
                                    >
                                                Download
                                    </Styled(NavLink)>
                        </Styled(NavItem)>
                        <Styled(NavItem)>
                                    <Styled(NavLink)
                                                href="/components/"
                                    >
                                                Sign up
                                    </Styled(NavLink)>
                        </Styled(NavItem)>
                        <Styled(NavItem)>
                                    <Styled(NavLink)
                                                href="https://github.com/reactstrap/reactstrap"
                                    >
                                                Log In
                                    </Styled(NavLink)>
                        </Styled(NavItem)>
            </Styled(Nav)>
</Collapse>,
        ],
        "expand": "md",
      },
      "ref": null,
      "rendered": Array [
        Object {
          "instance": null,
          "key": undefined,
          "nodeType": "class",
          "props": Object {
            "children": "Spotify",
            "href": "/",
          },
          "ref": null,
          "rendered": "Spotify",
          "type": [Function],
        },
        Object {
          "instance": null,
          "key": undefined,
          "nodeType": "function",
          "props": Object {
            "onClick": [Function],
            "tag": "button",
            "type": "button",
          },
          "ref": null,
          "rendered": null,
          "type": [Function],
        },
        Object {
          "instance": null,
          "key": undefined,
          "nodeType": "class",
          "props": Object {
            "appear": false,
            "children": <Styled(Nav)
              className="ml-auto"
              navbar={true}
>
              <Styled(NavItem)>
                            <Styled(NavLink)
                                          href="/components/"
                            >
                                          Premium
                            </Styled(NavLink)>
              </Styled(NavItem)>
              <Styled(NavItem)>
                            <Styled(NavLink)
                                          href="/components/"
                            >
                                          Help
                            </Styled(NavLink)>
              </Styled(NavItem)>
              <Styled(NavItem)>
                            <Styled(NavLink)
                                          href="/components/"
                            >
                                          Download
                            </Styled(NavLink)>
              </Styled(NavItem)>
              <Styled(NavItem)>
                            <Styled(NavLink)
                                          href="/components/"
                            >
                                          Sign up
                            </Styled(NavLink)>
              </Styled(NavItem)>
              <Styled(NavItem)>
                            <Styled(NavLink)
                                          href="https://github.com/reactstrap/reactstrap"
                            >
                                          Log In
                            </Styled(NavLink)>
              </Styled(NavItem)>
</Styled(Nav)>,
            "enter": true,
            "exit": true,
            "in": false,
            "isOpen": false,
            "mountOnEnter": false,
            "navbar": true,
            "onEnter": [Function],
            "onEntered": [Function],
            "onEntering": [Function],
            "onExit": [Function],
            "onExited": [Function],
            "onExiting": [Function],
            "tag": "div",
            "timeout": 350,
            "unmountOnExit": false,
          },
          "ref": null,
          "rendered": Object {
            "instance": null,
            "key": undefined,
            "nodeType": "class",
            "props": Object {
              "children": Array [
                <Styled(NavItem)>
                  <Styled(NavLink)
                                    href="/components/"
                  >
                                    Premium
                  </Styled(NavLink)>
</Styled(NavItem)>,
                <Styled(NavItem)>
                  <Styled(NavLink)
                                    href="/components/"
                  >
                                    Help
                  </Styled(NavLink)>
</Styled(NavItem)>,
                <Styled(NavItem)>
                  <Styled(NavLink)
                                    href="/components/"
                  >
                                    Download
                  </Styled(NavLink)>
</Styled(NavItem)>,
                <Styled(NavItem)>
                  <Styled(NavLink)
                                    href="/components/"
                  >
                                    Sign up
                  </Styled(NavLink)>
</Styled(NavItem)>,
                <Styled(NavItem)>
                  <Styled(NavLink)
                                    href="https://github.com/reactstrap/reactstrap"
                  >
                                    Log In
                  </Styled(NavLink)>
</Styled(NavItem)>,
              ],
              "className": "ml-auto",
              "navbar": true,
            },
            "ref": null,
            "rendered": Array [
              Object {
                "instance": null,
                "key": undefined,
                "nodeType": "class",
                "props": Object {
                  "children": <Styled(NavLink)
                    href="/components/"
>
                    Premium
</Styled(NavLink)>,
                },
                "ref": null,
                "rendered": Object {
                  "instance": null,
                  "key": undefined,
                  "nodeType": "class",
                  "props": Object {
                    "children": "Premium",
                    "href": "/components/",
                  },
                  "ref": null,
                  "rendered": "Premium",
                  "type": [Function],
                },
                "type": [Function],
              },
              Object {
                "instance": null,
                "key": undefined,
                "nodeType": "class",
                "props": Object {
                  "children": <Styled(NavLink)
                    href="/components/"
>
                    Help
</Styled(NavLink)>,
                },
                "ref": null,
                "rendered": Object {
                  "instance": null,
                  "key": undefined,
                  "nodeType": "class",
                  "props": Object {
                    "children": "Help",
                    "href": "/components/",
                  },
                  "ref": null,
                  "rendered": "Help",
                  "type": [Function],
                },
                "type": [Function],
              },
              Object {
                "instance": null,
                "key": undefined,
                "nodeType": "class",
                "props": Object {
                  "children": <Styled(NavLink)
                    href="/components/"
>
                    Download
</Styled(NavLink)>,
                },
                "ref": null,
                "rendered": Object {
                  "instance": null,
                  "key": undefined,
                  "nodeType": "class",
                  "props": Object {
                    "children": "Download",
                    "href": "/components/",
                  },
                  "ref": null,
                  "rendered": "Download",
                  "type": [Function],
                },
                "type": [Function],
              },
              Object {
                "instance": null,
                "key": undefined,
                "nodeType": "class",
                "props": Object {
                  "children": <Styled(NavLink)
                    href="/components/"
>
                    Sign up
</Styled(NavLink)>,
                },
                "ref": null,
                "rendered": Object {
                  "instance": null,
                  "key": undefined,
                  "nodeType": "class",
                  "props": Object {
                    "children": "Sign up",
                    "href": "/components/",
                  },
                  "ref": null,
                  "rendered": "Sign up",
                  "type": [Function],
                },
                "type": [Function],
              },
              Object {
                "instance": null,
                "key": undefined,
                "nodeType": "class",
                "props": Object {
                  "children": <Styled(NavLink)
                    href="https://github.com/reactstrap/reactstrap"
>
                    Log In
</Styled(NavLink)>,
                },
                "ref": null,
                "rendered": Object {
                  "instance": null,
                  "key": undefined,
                  "nodeType": "class",
                  "props": Object {
                    "children": "Log In",
                    "href": "https://github.com/reactstrap/reactstrap",
                  },
                  "ref": null,
                  "rendered": "Log In",
                  "type": [Function],
                },
                "type": [Function],
              },
            ],
            "type": [Function],
          },
          "type": [Function],
        },
      ],
      "type": [Function],
    },
    "type": "div",
  },
  Symbol(enzyme.__nodes__): Array [
    Object {
      "instance": null,
      "key": undefined,
      "nodeType": "host",
      "props": Object {
        "children": <Styled(Navbar)
          expand="md"
>
          <Styled(NavbarBrand)
                    href="/"
          >
                    Spotify
          </Styled(NavbarBrand)>
          <NavbarToggler
                    onClick={[Function]}
                    tag="button"
                    type="button"
          />
          <Collapse
                    appear={false}
                    enter={true}
                    exit={true}
                    in={false}
                    isOpen={false}
                    mountOnEnter={false}
                    navbar={true}
                    onEnter={[Function]}
                    onEntered={[Function]}
                    onEntering={[Function]}
                    onExit={[Function]}
                    onExited={[Function]}
                    onExiting={[Function]}
                    tag="div"
                    timeout={350}
                    unmountOnExit={false}
          >
                    <Styled(Nav)
                              className="ml-auto"
                              navbar={true}
                    >
                              <Styled(NavItem)>
                                        <Styled(NavLink)
                                                  href="/components/"
                                        >
                                                  Premium
                                        </Styled(NavLink)>
                              </Styled(NavItem)>
                              <Styled(NavItem)>
                                        <Styled(NavLink)
                                                  href="/components/"
                                        >
                                                  Help
                                        </Styled(NavLink)>
                              </Styled(NavItem)>
                              <Styled(NavItem)>
                                        <Styled(NavLink)
                                                  href="/components/"
                                        >
                                                  Download
                                        </Styled(NavLink)>
                              </Styled(NavItem)>
                              <Styled(NavItem)>
                                        <Styled(NavLink)
                                                  href="/components/"
                                        >
                                                  Sign up
                                        </Styled(NavLink)>
                              </Styled(NavItem)>
                              <Styled(NavItem)>
                                        <Styled(NavLink)
                                                  href="https://github.com/reactstrap/reactstrap"
                                        >
                                                  Log In
                                        </Styled(NavLink)>
                              </Styled(NavItem)>
                    </Styled(Nav)>
          </Collapse>
</Styled(Navbar)>,
      },
      "ref": null,
      "rendered": Object {
        "instance": null,
        "key": undefined,
        "nodeType": "class",
        "props": Object {
          "children": Array [
            <Styled(NavbarBrand)
              href="/"
>
              Spotify
</Styled(NavbarBrand)>,
            <NavbarToggler
              onClick={[Function]}
              tag="button"
              type="button"
/>,
            <Collapse
              appear={false}
              enter={true}
              exit={true}
              in={false}
              isOpen={false}
              mountOnEnter={false}
              navbar={true}
              onEnter={[Function]}
              onEntered={[Function]}
              onEntering={[Function]}
              onExit={[Function]}
              onExited={[Function]}
              onExiting={[Function]}
              tag="div"
              timeout={350}
              unmountOnExit={false}
>
              <Styled(Nav)
                            className="ml-auto"
                            navbar={true}
              >
                            <Styled(NavItem)>
                                          <Styled(NavLink)
                                                        href="/components/"
                                          >
                                                        Premium
                                          </Styled(NavLink)>
                            </Styled(NavItem)>
                            <Styled(NavItem)>
                                          <Styled(NavLink)
                                                        href="/components/"
                                          >
                                                        Help
                                          </Styled(NavLink)>
                            </Styled(NavItem)>
                            <Styled(NavItem)>
                                          <Styled(NavLink)
                                                        href="/components/"
                                          >
                                                        Download
                                          </Styled(NavLink)>
                            </Styled(NavItem)>
                            <Styled(NavItem)>
                                          <Styled(NavLink)
                                                        href="/components/"
                                          >
                                                        Sign up
                                          </Styled(NavLink)>
                            </Styled(NavItem)>
                            <Styled(NavItem)>
                                          <Styled(NavLink)
                                                        href="https://github.com/reactstrap/reactstrap"
                                          >
                                                        Log In
                                          </Styled(NavLink)>
                            </Styled(NavItem)>
              </Styled(Nav)>
</Collapse>,
          ],
          "expand": "md",
        },
        "ref": null,
        "rendered": Array [
          Object {
            "instance": null,
            "key": undefined,
            "nodeType": "class",
            "props": Object {
              "children": "Spotify",
              "href": "/",
            },
            "ref": null,
            "rendered": "Spotify",
            "type": [Function],
          },
          Object {
            "instance": null,
            "key": undefined,
            "nodeType": "function",
            "props": Object {
              "onClick": [Function],
              "tag": "button",
              "type": "button",
            },
            "ref": null,
            "rendered": null,
            "type": [Function],
          },
          Object {
            "instance": null,
            "key": undefined,
            "nodeType": "class",
            "props": Object {
              "appear": false,
              "children": <Styled(Nav)
                className="ml-auto"
                navbar={true}
>
                <Styled(NavItem)>
                                <Styled(NavLink)
                                                href="/components/"
                                >
                                                Premium
                                </Styled(NavLink)>
                </Styled(NavItem)>
                <Styled(NavItem)>
                                <Styled(NavLink)
                                                href="/components/"
                                >
                                                Help
                                </Styled(NavLink)>
                </Styled(NavItem)>
                <Styled(NavItem)>
                                <Styled(NavLink)
                                                href="/components/"
                                >
                                                Download
                                </Styled(NavLink)>
                </Styled(NavItem)>
                <Styled(NavItem)>
                                <Styled(NavLink)
                                                href="/components/"
                                >
                                                Sign up
                                </Styled(NavLink)>
                </Styled(NavItem)>
                <Styled(NavItem)>
                                <Styled(NavLink)
                                                href="https://github.com/reactstrap/reactstrap"
                                >
                                                Log In
                                </Styled(NavLink)>
                </Styled(NavItem)>
</Styled(Nav)>,
              "enter": true,
              "exit": true,
              "in": false,
              "isOpen": false,
              "mountOnEnter": false,
              "navbar": true,
              "onEnter": [Function],
              "onEntered": [Function],
              "onEntering": [Function],
              "onExit": [Function],
              "onExited": [Function],
              "onExiting": [Function],
              "tag": "div",
              "timeout": 350,
              "unmountOnExit": false,
            },
            "ref": null,
            "rendered": Object {
              "instance": null,
              "key": undefined,
              "nodeType": "class",
              "props": Object {
                "children": Array [
                  <Styled(NavItem)>
                    <Styled(NavLink)
                                        href="/components/"
                    >
                                        Premium
                    </Styled(NavLink)>
</Styled(NavItem)>,
                  <Styled(NavItem)>
                    <Styled(NavLink)
                                        href="/components/"
                    >
                                        Help
                    </Styled(NavLink)>
</Styled(NavItem)>,
                  <Styled(NavItem)>
                    <Styled(NavLink)
                                        href="/components/"
                    >
                                        Download
                    </Styled(NavLink)>
</Styled(NavItem)>,
                  <Styled(NavItem)>
                    <Styled(NavLink)
                                        href="/components/"
                    >
                                        Sign up
                    </Styled(NavLink)>
</Styled(NavItem)>,
                  <Styled(NavItem)>
                    <Styled(NavLink)
                                        href="https://github.com/reactstrap/reactstrap"
                    >
                                        Log In
                    </Styled(NavLink)>
</Styled(NavItem)>,
                ],
                "className": "ml-auto",
                "navbar": true,
              },
              "ref": null,
              "rendered": Array [
                Object {
                  "instance": null,
                  "key": undefined,
                  "nodeType": "class",
                  "props": Object {
                    "children": <Styled(NavLink)
                      href="/components/"
>
                      Premium
</Styled(NavLink)>,
                  },
                  "ref": null,
                  "rendered": Object {
                    "instance": null,
                    "key": undefined,
                    "nodeType": "class",
                    "props": Object {
                      "children": "Premium",
                      "href": "/components/",
                    },
                    "ref": null,
                    "rendered": "Premium",
                    "type": [Function],
                  },
                  "type": [Function],
                },
                Object {
                  "instance": null,
                  "key": undefined,
                  "nodeType": "class",
                  "props": Object {
                    "children": <Styled(NavLink)
                      href="/components/"
>
                      Help
</Styled(NavLink)>,
                  },
                  "ref": null,
                  "rendered": Object {
                    "instance": null,
                    "key": undefined,
                    "nodeType": "class",
                    "props": Object {
                      "children": "Help",
                      "href": "/components/",
                    },
                    "ref": null,
                    "rendered": "Help",
                    "type": [Function],
                  },
                  "type": [Function],
                },
                Object {
                  "instance": null,
                  "key": undefined,
                  "nodeType": "class",
                  "props": Object {
                    "children": <Styled(NavLink)
                      href="/components/"
>
                      Download
</Styled(NavLink)>,
                  },
                  "ref": null,
                  "rendered": Object {
                    "instance": null,
                    "key": undefined,
                    "nodeType": "class",
                    "props": Object {
                      "children": "Download",
                      "href": "/components/",
                    },
                    "ref": null,
                    "rendered": "Download",
                    "type": [Function],
                  },
                  "type": [Function],
                },
                Object {
                  "instance": null,
                  "key": undefined,
                  "nodeType": "class",
                  "props": Object {
                    "children": <Styled(NavLink)
                      href="/components/"
>
                      Sign up
</Styled(NavLink)>,
                  },
                  "ref": null,
                  "rendered": Object {
                    "instance": null,
                    "key": undefined,
                    "nodeType": "class",
                    "props": Object {
                      "children": "Sign up",
                      "href": "/components/",
                    },
                    "ref": null,
                    "rendered": "Sign up",
                    "type": [Function],
                  },
                  "type": [Function],
                },
                Object {
                  "instance": null,
                  "key": undefined,
                  "nodeType": "class",
                  "props": Object {
                    "children": <Styled(NavLink)
                      href="https://github.com/reactstrap/reactstrap"
>
                      Log In
</Styled(NavLink)>,
                  },
                  "ref": null,
                  "rendered": Object {
                    "instance": null,
                    "key": undefined,
                    "nodeType": "class",
                    "props": Object {
                      "children": "Log In",
                      "href": "https://github.com/reactstrap/reactstrap",
                    },
                    "ref": null,
                    "rendered": "Log In",
                    "type": [Function],
                  },
                  "type": [Function],
                },
              ],
              "type": [Function],
            },
            "type": [Function],
          },
        ],
        "type": [Function],
      },
      "type": "div",
    },
  ],
  Symbol(enzyme.__options__): Object {
    "adapter": ReactSixteenAdapter {
      "options": Object {
        "enableComponentDidUpdateOnSetState": true,
      },
    },
  },
}
`;
